[irvingtoncti.org/index.html]
[backblue.gif]
[fade.gif]
[index.html]
[irvingtoncti.org/assets/img/favicon.ico]
[irvingtoncti.org/assets/css/bootstrap.min.css]
[irvingtoncti.org/assets/css/owl.carousel.min.css]
[irvingtoncti.org/assets/css/slicknav.css]
[irvingtoncti.org/assets/css/progressbar_barfiller.css]
[irvingtoncti.org/assets/css/gijgo.css]
[irvingtoncti.org/assets/css/animate.min.css]
[irvingtoncti.org/assets/css/animated-headline.css]
[irvingtoncti.org/assets/css/magnific-popup.css]
[irvingtoncti.org/assets/css/fontawesome-all.min.css]
[irvingtoncti.org/assets/css/themify-icons.css]
[irvingtoncti.org/assets/css/slick.css]
[irvingtoncti.org/assets/css/nice-select.css]
[irvingtoncti.org/assets/css/style.css]
[irvingtoncti.org/assets/img/logo/loder2.png]
[irvingtoncti.org/index-2.html]
[irvingtoncti.org/assets/img/logo/logo.png]
[irvingtoncti.org/courses.html]
[irvingtoncti.org/projects.html]
[irvingtoncti.org/about.html]
[irvingtoncti.org/volunteer.html]
[irvingtoncti.org/events1.html]
[irvingtoncti.org/assets/img/icon/icon1.svg]
[irvingtoncti.org/assets/img/icon/icon2.svg]
[irvingtoncti.org/assets/img/icon/icon3.svg]
[irvingtoncti.org/assets/img/gallery/intro_python.jpg]
[irvingtoncti.org/assets/img/gallery/adv_python.jpg]
[irvingtoncti.org/assets/img/gallery/c_logo.png]
[irvingtoncti.org/assets/img/gallery/java_logo.png]
[irvingtoncti.org/assets/img/gallery/scratch_logo.png]
[irvingtoncti.org/assets/img/gallery/thumbnail.jpg]
[irvingtoncti.org/videos/aboutus.mp4]
[irvingtoncti.org/assets/img/gallery/about3.png]
[irvingtoncti.org/assets/img/gallery/sanjhee.png]
[irvingtoncti.org/assets/img/gallery/charlotte.png]
[irvingtoncti.org/assets/img/gallery/jyothi.png]
[irvingtoncti.org/assets/img/gallery/mithilbad(smh).png]
[irvingtoncti.org/assets/img/gallery/nathan.png]
[irvingtoncti.org/assets/img/gallery/praneet.png]
[irvingtoncti.org/assets/img/gallery/lakshana.png]
[irvingtoncti.org/assets/img/gallery/homepagepic.jpg]
[irvingtoncti.org/assets/js/vendor/modernizr-3.5.0.min.js]
[irvingtoncti.org/assets/js/vendor/jquery-1.12.4.min.js]
[irvingtoncti.org/assets/js/popper.min.js]
[irvingtoncti.org/assets/js/bootstrap.min.js]
[irvingtoncti.org/assets/js/jquery.slicknav.min.js]
[irvingtoncti.org/assets/js/owl.carousel.min.js]
[irvingtoncti.org/assets/js/slick.min.js]
[irvingtoncti.org/assets/js/wow.min.js]
[irvingtoncti.org/assets/js/animated.headline.js]
[irvingtoncti.org/assets/js/jquery.magnific-popup.js]
[irvingtoncti.org/assets/js/gijgo.min.js]
[irvingtoncti.org/assets/js/jquery.nice-select.min.js]
[irvingtoncti.org/assets/js/jquery.sticky.js]
[irvingtoncti.org/assets/js/jquery.barfiller.39.delayed]
[irvingtoncti.org/assets/js/jquery.counterup.min.js]
[irvingtoncti.org/assets/js/waypoints.min.js]
[irvingtoncti.org/assets/js/jquery.countdown.min.js]
[irvingtoncti.org/assets/js/hover-direction-snake.min.js]
[irvingtoncti.org/assets/js/plugins.js]
[irvingtoncti.org/index.html]
[irvingtoncti.org/assets/css/bootstrap.min.css]
[irvingtoncti.org/assets/js/main.js]
[irvingtoncti.org/assets/css/owl.video.play.40.delayed]
[irvingtoncti.org/assets/css/owl.carousel.min.css]
[irvingtoncti.org/assets/css/slicknav.css]
[irvingtoncti.org/assets/fonts/Flaticon.eot]
[irvingtoncti.org/assets/fonts/Flaticond41d.eot]
[irvingtoncti.org/assets/fonts/Flaticon.woff2]
[irvingtoncti.org/assets/fonts/Flaticon.woff]
[irvingtoncti.org/assets/fonts/Flaticon.ttf]
[irvingtoncti.org/assets/css/flaticon.css]
[irvingtoncti.org/assets/css/progressbar_barfiller.css]
[irvingtoncti.org/assets/fonts/Flaticon.svg]
[irvingtoncti.org/assets/fonts/gijgo-materialba15.eot]
[irvingtoncti.org/assets/fonts/gijgo-materialba15.ttf]
[irvingtoncti.org/assets/fonts/gijgo-materialba15.woff]
[irvingtoncti.org/assets/css/gijgo.css]
[irvingtoncti.org/assets/css/animate.min.css]
[irvingtoncti.org/assets/css/animated-headline.css]
[irvingtoncti.org/assets/css/magnific-popup.css]
[irvingtoncti.org/assets/fonts/gijgo-materialba15.svg]
[irvingtoncti.org/assets/fonts/fa-brands-400.eot]
[irvingtoncti.org/assets/fonts/fa-brands-400d41d.eot]
[irvingtoncti.org/assets/fonts/fa-brands-400.woff2]
[irvingtoncti.org/assets/fonts/fa-brands-400.woff]
[irvingtoncti.org/assets/fonts/fa-brands-400.ttf]
[irvingtoncti.org/assets/fonts/fa-regular-400.eot]
[irvingtoncti.org/assets/fonts/fa-brands-400.svg]
[irvingtoncti.org/assets/fonts/fa-regular-400d41d.eot]
[irvingtoncti.org/assets/fonts/fa-regular-400.woff2]
[irvingtoncti.org/assets/fonts/fa-regular-400.woff]
[irvingtoncti.org/assets/fonts/fa-regular-400.ttf]
[irvingtoncti.org/assets/fonts/fa-regular-400.svg]
[irvingtoncti.org/assets/fonts/fa-solid-900.eot]
[irvingtoncti.org/assets/fonts/fa-solid-900d41d.eot]
[irvingtoncti.org/assets/fonts/fa-solid-900.woff2]
[irvingtoncti.org/assets/fonts/fa-solid-900.woff]
[irvingtoncti.org/assets/fonts/fa-solid-900.ttf]
[irvingtoncti.org/assets/css/fontawesome-all.min.css]
[irvingtoncti.org/assets/fonts/fa-solid-900.svg]
[irvingtoncti.org/assets/fonts/themify9f24.eot]
[irvingtoncti.org/assets/fonts/themifyd41d.eot]
[irvingtoncti.org/assets/fonts/themify9f24.woff]
[irvingtoncti.org/assets/fonts/themify9f24.ttf]
[irvingtoncti.org/assets/css/themify-icons.css]
[irvingtoncti.org/assets/css/slick.css]
[irvingtoncti.org/assets/css/nice-select.css]
[irvingtoncti.org/assets/fonts/themify9f24.svg]
[irvingtoncti.org/assets/img/slider/slider-img-1.62.delayed]
[irvingtoncti.org/assets/img/background-img/bg-img-2.63.delayed]
[irvingtoncti.org/assets/img/hero/h1_hero.png]
[irvingtoncti.org/assets/img/hero/hero2.png]
[irvingtoncti.org/assets/img/elements/primary-check.67.delayed]
[irvingtoncti.org/assets/img/elements/success-check.68.delayed]
[irvingtoncti.org/assets/img/elements/disabled-check.69.delayed]
[irvingtoncti.org/assets/img/elements/primary-radio.6a.delayed]
[irvingtoncti.org/assets/img/elements/success-radio.6b.delayed]
[irvingtoncti.org/assets/img/elements/disabled-radio.6c.delayed]
[irvingtoncti.org/assets/css/style.css]
[irvingtoncti.org/index-2.html]
[irvingtoncti.org/assets/img/gallery/scratch_beginner_logo.png]
[irvingtoncti.org/assets/img/gallery/problem_solving_logo.png]
[irvingtoncti.org/assets/img/gallery/thumbnail2.jpg]
[irvingtoncti.org/videos/choosingCourses.mp4]
[irvingtoncti.org/courses.html]
[irvingtoncti.org/assets/img/gallery/scratchProj.png]
[irvingtoncti.org/assets/img/gallery/scratchProj2.png]
[irvingtoncti.org/assets/img/gallery/scratchProj3.png]
[irvingtoncti.org/assets/img/gallery/scratchProj4.png]
[irvingtoncti.org/assets/img/gallery/scratchProj5.png]
[irvingtoncti.org/assets/img/gallery/pythonProj.png]
[irvingtoncti.org/assets/img/gallery/pythonProj2.png]
[irvingtoncti.org/assets/img/gallery/javaProj.png]
[irvingtoncti.org/assets/img/gallery/javaProj2.png]
[irvingtoncti.org/assets/img/gallery/cProj.png]
[irvingtoncti.org/assets/img/gallery/HighSchoolWinnerHealthHacks2021.png]
[irvingtoncti.org/assets/img/gallery/HealthHacksMiddleSchool3.png]
[irvingtoncti.org/assets/img/gallery/HealthHacks2021MiddleSchool2.png]
[irvingtoncti.org/assets/img/gallery/HealthHacks2021MiddleSchool1.png]
[irvingtoncti.org/assets/img/gallery/HealthHacks2021MiddleSchoolHonorableMention.png]
[irvingtoncti.org/assets/img/gallery/HealthHacks2021Elementary2.png]
[irvingtoncti.org/assets/img/gallery/HealthHacks2021Elementary1.png]
[irvingtoncti.org/assets/img/gallery/HealthHacks2021ElementaryMarketable.png]
[irvingtoncti.org/projects.html]
[irvingtoncti.org/about.html]
[irvingtoncti.org/assets/img/gallery/topic1.png]
[irvingtoncti.org/volunteer.html]
[irvingtoncti.org/assets/css/hamburgers.min.css]
[irvingtoncti.org/events/healthhacks2021/healthhacks2021.html]
[irvingtoncti.org/events/healthhacks2021/meta/minilogo.png]
[irvingtoncti.org/assets/img/gallery/discord_logo.png]
[irvingtoncti.org/events1.html]
[irvingtoncti.org/assets/img/icon/icon1.svg]
[irvingtoncti.org/assets/img/icon/icon2.svg]
[irvingtoncti.org/assets/img/icon/icon3.svg]
[irvingtoncti.org/assets/img/icon/about.svg]
[irvingtoncti.org/assets/img/icon/right-icon.svg]
[irvingtoncti.org/assets/js/jquery.barfiller.html]
[irvingtoncti.org/assets/css/owl.video.play.html]
[irvingtoncti.org/assets/fonts/Flaticon.svg]
[irvingtoncti.org/assets/fonts/gijgo-materialba15.svg]
[irvingtoncti.org/assets/fonts/fa-brands-400.svg]
[irvingtoncti.org/assets/fonts/fa-regular-400.svg]
[irvingtoncti.org/assets/fonts/fa-solid-900.svg]
[irvingtoncti.org/assets/fonts/themify9f24.svg]
[irvingtoncti.org/assets/img/slider/slider-img-1.html]
[irvingtoncti.org/assets/img/background-img/bg-img-2.html]
[irvingtoncti.org/assets/img/background-img/bg-img-3.html]
[irvingtoncti.org/assets/img/elements/primary-check.html]
[irvingtoncti.org/assets/img/elements/success-check.html]
[irvingtoncti.org/assets/img/elements/disabled-check.html]
[irvingtoncti.org/assets/img/elements/primary-radio.html]
[irvingtoncti.org/assets/img/elements/success-radio.html]
[irvingtoncti.org/assets/img/elements/disabled-radio.html]
[irvingtoncti.org/assets/img/gallery/HealthHacks2021Elementary3.html]
[irvingtoncti.org/assets/css/other.css]
[irvingtoncti.org/assets/js/app.js]
[irvingtoncti.org/assets/css/hamburgers.min.css]
[irvingtoncti.org/assets/css/responsive.css]
[irvingtoncti.org/events/healthhacks2021/assets/img/favicon.8c.delayed]
[irvingtoncti.org/events/healthhacks2021/MonumentExtended-Regular.woff2]
[irvingtoncti.org/events/healthhacks2021/ObjectSans-Heavy.woff2]
[irvingtoncti.org/events/healthhacks2021/ObjectSans-Regular.woff2]
[irvingtoncti.org/events/healthhacks2021/MonumentExtended-Ultrabold.woff2]
[irvingtoncti.org/events/healthhacks2021/_next/static/css/5c14f8e7fb712f3a97e6.css]
[irvingtoncti.org/events/healthhacks2021/_next/static/css/9484d0db85e6c373887b.css]
[irvingtoncti.org/events/healthhacks2021/_next/static/chunks/main-370aff57f3d256ad0865.js]
[irvingtoncti.org/events/healthhacks2021/_next/static/chunks/webpack-e067438c4cf4ef2ef178.js]
[irvingtoncti.org/events/healthhacks2021/_next/static/chunks/framework.d63c17943e8f6ae571cf.js]
[irvingtoncti.org/events/healthhacks2021/_next/static/chunks/commons.e3c12cb767780eaa6561.js]
[irvingtoncti.org/events/healthhacks2021/_next/static/chunks/pages/_app-2b74267adb644329be5e.js]
[irvingtoncti.org/events/healthhacks2021/_next/static/chunks/05d954cf.e69d7a75ec98499c8d8a.js]
[irvingtoncti.org/events/healthhacks2021/_next/static/chunks/50ca69b21ce74afe28e384685ce679b831520eb4.3d8920a59ea37b4cf4ad.js]
[irvingtoncti.org/events/healthhacks2021/_next/static/chunks/pages/index-7073293bcc0a399af9b2.js]
[irvingtoncti.org/events/healthhacks2021/halftone.png]
[irvingtoncti.org/events/healthhacks2021/index.9c.delayed]
[irvingtoncti.org/events/healthhacks2021/_next/static/media/schedule.jpg]
[irvingtoncti.org/events/healthhacks2021/logo-detailed.svg]
[irvingtoncti.org/events/healthhacks2021/summit.a0.delayed]
[irvingtoncti.org/events/healthhacks2021/healthhackslogo.png]
[irvingtoncti.org/events/healthhacks2021/pure-virtual-sticker.svg]
[irvingtoncti.org/events/healthhacks2021/left.png]
[irvingtoncti.org/events/healthhacks2021/code.png]
[irvingtoncti.org/events/healthhacks2021/right.png]
[irvingtoncti.org/events/healthhacks2021/opening-brace.png]
[irvingtoncti.org/events/healthhacks2021/meet.jpg]
[irvingtoncti.org/events/healthhacks2021/learn.jpg]
[irvingtoncti.org/events/healthhacks2021/build.jpg]
[irvingtoncti.org/events/healthhacks2021/speakers/charlotte_hackathon.jpg]
[irvingtoncti.org/events/healthhacks2021/speakers/cheukting_hackathon.jpg]
[irvingtoncti.org/events/healthhacks2021/speakers/jyothi_hackathon.jpg]
[irvingtoncti.org/events/healthhacks2021/speakers/kristin_berbawy_hackathon.jpg]
[irvingtoncti.org/events/healthhacks2021/speakers/lakshana_hackathon.jpg]
[irvingtoncti.org/events/healthhacks2021/speakers/mithil_hackathon.jpg]
[irvingtoncti.org/events/healthhacks2021/speakers/nathan_hackathon.jpg]
[irvingtoncti.org/events/healthhacks2021/speakers/praneet_hackathon.jpg]
[irvingtoncti.org/events/healthhacks2021/speakers/sanjhee_hackathon.jpg]
[irvingtoncti.org/events/healthhacks2021/speakers/vineet_gupta_hackathon.jpg]
[irvingtoncti.org/events/healthhacks2021/sponsors/artofproblemsolving.png]
[irvingtoncti.org/events/healthhacks2021/sponsors/producthunt.png]
[irvingtoncti.org/events/healthhacks2021/sponsors/balsamiq.png]
[irvingtoncti.org/events/healthhacks2021/sponsors/glimpse.png]
[irvingtoncti.org/events/healthhacks2021/sponsors/magoosh.png]
[irvingtoncti.org/events/healthhacks2021/sponsors/berbawymakers.png]
[irvingtoncti.org/events/healthhacks2021/discord.svg]
[irvingtoncti.org/events/healthhacks2021/instagram.svg]
[irvingtoncti.org/events/healthhacks2021/_next/static/media/logo.png]
[irvingtoncti.org/events/healthhacks2021/_next/static/chunks/polyfills-83732ebf2ed7f8a1b2c7.js]
[irvingtoncti.org/events/healthhacks2021/_next/static/h_FKg9vvf3tuWg8Ter3Cz/_buildManifest.js]
[irvingtoncti.org/events/healthhacks2021/_next/static/h_FKg9vvf3tuWg8Ter3Cz/_ssgManifest.js]
[irvingtoncti.org/events/healthhacks2021/healthhacks2021.html]
[irvingtoncti.org/events/healthhacks2021/assets/img/favicon.html]
[irvingtoncti.org/events/healthhacks2021/MonumentExtended-Bold.woff2]
[irvingtoncti.org/events/healthhacks2021/_next/static/css/5c14f8e7fb712f3a97e6.css]
[irvingtoncti.org/events/healthhacks2021/footer-left.png]
[irvingtoncti.org/events/healthhacks2021/footer-right.png]
[irvingtoncti.org/events/healthhacks2021/footer-left-mobile.png]
[irvingtoncti.org/events/healthhacks2021/_next/static/css/9484d0db85e6c373887b.css]
[irvingtoncti.org/events/healthhacks2021/index.html]
[irvingtoncti.org/events/healthhacks2021/menu.svg]
[irvingtoncti.org/events/healthhacks2021/logo-detailed.svg]
[irvingtoncti.org/events/healthhacks2021/summit.html]
[irvingtoncti.org/events/healthhacks2021/pure-virtual-sticker.svg]
[irvingtoncti.org/events/healthhacks2021/discord.svg]
[irvingtoncti.org/events/healthhacks2021/instagram.svg]
